// Jest Snapshot v1, https://goo.gl/fbAQLP

exports[`Home should render Home 1`] = `
Object {
  "asFragment": [Function],
  "baseElement": <body>
    <div>
      <div
        class="whiteTheme container"
        data-testid="home-route"
      >
        <div
          class="rendercards"
        >
          <div
            class="productContainer"
            data-testid="product"
          >
            <div
              class="product"
            >
              <p>
                Fruits & Vegatables
              </p>
              <img
                alt="product"
                src="https://images.unsplash.com/photo-1571771894821-ce9b6c11b08e?ixid=MXwxMjA3fDB8MHxwaG90by1wYWdlfHx8fGVufDB8fHw%3D&ixlib=rb-1.2.1&auto=format&fit=crop&w=1000&q=80"
              />
              <p
                class="productDescription"
              >
                apple
              </p>
              <p
                class="productDescription"
              >
                1 kg
              </p>
            </div>
            <div
              class="description"
            >
              <p>
                MRP:
                120
              </p>
              <div
                class="basketItems"
              >
                <button
                  type="button"
                >
                  -
                </button>
                0
                <button
                  type="button"
                >
                  +
                </button>
              </div>
            </div>
          </div>
          <div
            class="productContainer"
            data-testid="product"
          >
            <div
              class="product"
            >
              <p>
                Household Items
              </p>
              <img
                alt="product"
                src="https://images.unsplash.com/photo-1571771894821-ce9b6c11b08e?ixid=MXwxMjA3fDB8MHxwaG90by1wYWdlfHx8fGVufDB8fHw%3D&ixlib=rb-1.2.1&auto=format&fit=crop&w=1000&q=80"
              />
              <p
                class="productDescription"
              >
                table cloth
              </p>
              <p
                class="productDescription"
              >
                1 kg
              </p>
            </div>
            <div
              class="description"
            >
              <p>
                MRP:
                200
              </p>
              <div
                class="basketItems"
              >
                <button
                  type="button"
                >
                  -
                </button>
                0
                <button
                  type="button"
                >
                  +
                </button>
              </div>
            </div>
          </div>
        </div>
      </div>
    </div>
  </body>,
  "container": <div>
    <div
      class="whiteTheme container"
      data-testid="home-route"
    >
      <div
        class="rendercards"
      >
        <div
          class="productContainer"
          data-testid="product"
        >
          <div
            class="product"
          >
            <p>
              Fruits & Vegatables
            </p>
            <img
              alt="product"
              src="https://images.unsplash.com/photo-1571771894821-ce9b6c11b08e?ixid=MXwxMjA3fDB8MHxwaG90by1wYWdlfHx8fGVufDB8fHw%3D&ixlib=rb-1.2.1&auto=format&fit=crop&w=1000&q=80"
            />
            <p
              class="productDescription"
            >
              apple
            </p>
            <p
              class="productDescription"
            >
              1 kg
            </p>
          </div>
          <div
            class="description"
          >
            <p>
              MRP:
              120
            </p>
            <div
              class="basketItems"
            >
              <button
                type="button"
              >
                -
              </button>
              0
              <button
                type="button"
              >
                +
              </button>
            </div>
          </div>
        </div>
        <div
          class="productContainer"
          data-testid="product"
        >
          <div
            class="product"
          >
            <p>
              Household Items
            </p>
            <img
              alt="product"
              src="https://images.unsplash.com/photo-1571771894821-ce9b6c11b08e?ixid=MXwxMjA3fDB8MHxwaG90by1wYWdlfHx8fGVufDB8fHw%3D&ixlib=rb-1.2.1&auto=format&fit=crop&w=1000&q=80"
            />
            <p
              class="productDescription"
            >
              table cloth
            </p>
            <p
              class="productDescription"
            >
              1 kg
            </p>
          </div>
          <div
            class="description"
          >
            <p>
              MRP:
              200
            </p>
            <div
              class="basketItems"
            >
              <button
                type="button"
              >
                -
              </button>
              0
              <button
                type="button"
              >
                +
              </button>
            </div>
          </div>
        </div>
      </div>
    </div>
  </div>,
  "debug": [Function],
  "findAllByAltText": [Function],
  "findAllByDisplayValue": [Function],
  "findAllByLabelText": [Function],
  "findAllByPlaceholderText": [Function],
  "findAllByRole": [Function],
  "findAllByTestId": [Function],
  "findAllByText": [Function],
  "findAllByTitle": [Function],
  "findByAltText": [Function],
  "findByDisplayValue": [Function],
  "findByLabelText": [Function],
  "findByPlaceholderText": [Function],
  "findByRole": [Function],
  "findByTestId": [Function],
  "findByText": [Function],
  "findByTitle": [Function],
  "getAllByAltText": [Function],
  "getAllByDisplayValue": [Function],
  "getAllByLabelText": [Function],
  "getAllByPlaceholderText": [Function],
  "getAllByRole": [Function],
  "getAllByTestId": [Function],
  "getAllByText": [Function],
  "getAllByTitle": [Function],
  "getByAltText": [Function],
  "getByDisplayValue": [Function],
  "getByLabelText": [Function],
  "getByPlaceholderText": [Function],
  "getByRole": [Function],
  "getByTestId": [Function],
  "getByText": [Function],
  "getByTitle": [Function],
  "queryAllByAltText": [Function],
  "queryAllByDisplayValue": [Function],
  "queryAllByLabelText": [Function],
  "queryAllByPlaceholderText": [Function],
  "queryAllByRole": [Function],
  "queryAllByTestId": [Function],
  "queryAllByText": [Function],
  "queryAllByTitle": [Function],
  "queryByAltText": [Function],
  "queryByDisplayValue": [Function],
  "queryByLabelText": [Function],
  "queryByPlaceholderText": [Function],
  "queryByRole": [Function],
  "queryByTestId": [Function],
  "queryByText": [Function],
  "queryByTitle": [Function],
  "rerender": [Function],
  "unmount": [Function],
}
`;
