// Jest Snapshot v1, https://goo.gl/fbAQLP

exports[`Navbar should be called with 1`] = `
Object {
  "asFragment": [Function],
  "baseElement": <body>
    <div>
      <header
        class="whiteTheme header"
      >
        <a
          class="e-shopper"
          href="/"
        >
          <p>
            E-shopper
          </p>
        </a>
        <div
          class="nav-order-details"
        >
          <a
            href="/allorders"
          >
            <button
              class="nav-buttons"
            >
              All Orders
            </button>
          </a>
          <a
            data-testid="cart-test"
            href="/cart"
          >
            <button
              class="whiteTheme nav-buttons"
            >
              My Basket :
              2
            </button>
          </a>
        </div>
      </header>
    </div>
  </body>,
  "container": <div>
    <header
      class="whiteTheme header"
    >
      <a
        class="e-shopper"
        href="/"
      >
        <p>
          E-shopper
        </p>
      </a>
      <div
        class="nav-order-details"
      >
        <a
          href="/allorders"
        >
          <button
            class="nav-buttons"
          >
            All Orders
          </button>
        </a>
        <a
          data-testid="cart-test"
          href="/cart"
        >
          <button
            class="whiteTheme nav-buttons"
          >
            My Basket :
            2
          </button>
        </a>
      </div>
    </header>
  </div>,
  "debug": [Function],
  "findAllByAltText": [Function],
  "findAllByDisplayValue": [Function],
  "findAllByLabelText": [Function],
  "findAllByPlaceholderText": [Function],
  "findAllByRole": [Function],
  "findAllByTestId": [Function],
  "findAllByText": [Function],
  "findAllByTitle": [Function],
  "findByAltText": [Function],
  "findByDisplayValue": [Function],
  "findByLabelText": [Function],
  "findByPlaceholderText": [Function],
  "findByRole": [Function],
  "findByTestId": [Function],
  "findByText": [Function],
  "findByTitle": [Function],
  "getAllByAltText": [Function],
  "getAllByDisplayValue": [Function],
  "getAllByLabelText": [Function],
  "getAllByPlaceholderText": [Function],
  "getAllByRole": [Function],
  "getAllByTestId": [Function],
  "getAllByText": [Function],
  "getAllByTitle": [Function],
  "getByAltText": [Function],
  "getByDisplayValue": [Function],
  "getByLabelText": [Function],
  "getByPlaceholderText": [Function],
  "getByRole": [Function],
  "getByTestId": [Function],
  "getByText": [Function],
  "getByTitle": [Function],
  "queryAllByAltText": [Function],
  "queryAllByDisplayValue": [Function],
  "queryAllByLabelText": [Function],
  "queryAllByPlaceholderText": [Function],
  "queryAllByRole": [Function],
  "queryAllByTestId": [Function],
  "queryAllByText": [Function],
  "queryAllByTitle": [Function],
  "queryByAltText": [Function],
  "queryByDisplayValue": [Function],
  "queryByLabelText": [Function],
  "queryByPlaceholderText": [Function],
  "queryByRole": [Function],
  "queryByTestId": [Function],
  "queryByText": [Function],
  "queryByTitle": [Function],
  "rerender": [Function],
  "unmount": [Function],
}
`;
