// Jest Snapshot v1, https://goo.gl/fbAQLP

exports[`Product should render Product Details 1`] = `
Object {
  "asFragment": [Function],
  "baseElement": <body>
    <div>
      <div
        class="productContainer"
        data-testid="product"
      >
        <div
          class="product"
        >
          <p />
          <img
            alt="product"
            src="https://encrypted-tbn0.gstatic.com/images?q=tbn:ANd9GcRRhOqYV2NWv0m80WzwGG2fCz6c3PzHmpz1Dg&usqp=CAU"
          />
          <p
            class="productDescription"
          >
            melon
          </p>
          <p
            class="productDescription"
          >
            1 kg
          </p>
        </div>
        <div
          class="description"
        >
          <p>
            MRP:
            40
          </p>
          <div
            class="basketItems"
          >
            <button
              type="button"
            >
              -
            </button>
            <button
              type="button"
            >
              +
            </button>
          </div>
        </div>
      </div>
    </div>
  </body>,
  "container": <div>
    <div
      class="productContainer"
      data-testid="product"
    >
      <div
        class="product"
      >
        <p />
        <img
          alt="product"
          src="https://encrypted-tbn0.gstatic.com/images?q=tbn:ANd9GcRRhOqYV2NWv0m80WzwGG2fCz6c3PzHmpz1Dg&usqp=CAU"
        />
        <p
          class="productDescription"
        >
          melon
        </p>
        <p
          class="productDescription"
        >
          1 kg
        </p>
      </div>
      <div
        class="description"
      >
        <p>
          MRP:
          40
        </p>
        <div
          class="basketItems"
        >
          <button
            type="button"
          >
            -
          </button>
          <button
            type="button"
          >
            +
          </button>
        </div>
      </div>
    </div>
  </div>,
  "debug": [Function],
  "findAllByAltText": [Function],
  "findAllByDisplayValue": [Function],
  "findAllByLabelText": [Function],
  "findAllByPlaceholderText": [Function],
  "findAllByRole": [Function],
  "findAllByTestId": [Function],
  "findAllByText": [Function],
  "findAllByTitle": [Function],
  "findByAltText": [Function],
  "findByDisplayValue": [Function],
  "findByLabelText": [Function],
  "findByPlaceholderText": [Function],
  "findByRole": [Function],
  "findByTestId": [Function],
  "findByText": [Function],
  "findByTitle": [Function],
  "getAllByAltText": [Function],
  "getAllByDisplayValue": [Function],
  "getAllByLabelText": [Function],
  "getAllByPlaceholderText": [Function],
  "getAllByRole": [Function],
  "getAllByTestId": [Function],
  "getAllByText": [Function],
  "getAllByTitle": [Function],
  "getByAltText": [Function],
  "getByDisplayValue": [Function],
  "getByLabelText": [Function],
  "getByPlaceholderText": [Function],
  "getByRole": [Function],
  "getByTestId": [Function],
  "getByText": [Function],
  "getByTitle": [Function],
  "queryAllByAltText": [Function],
  "queryAllByDisplayValue": [Function],
  "queryAllByLabelText": [Function],
  "queryAllByPlaceholderText": [Function],
  "queryAllByRole": [Function],
  "queryAllByTestId": [Function],
  "queryAllByText": [Function],
  "queryAllByTitle": [Function],
  "queryByAltText": [Function],
  "queryByDisplayValue": [Function],
  "queryByLabelText": [Function],
  "queryByPlaceholderText": [Function],
  "queryByRole": [Function],
  "queryByTestId": [Function],
  "queryByText": [Function],
  "queryByTitle": [Function],
  "rerender": [Function],
  "unmount": [Function],
}
`;
